// Jest Snapshot v1, https://goo.gl/fbAQLP

exports[`NotFound component renders without crashing 1`] = `
<div>
  <p>
    Page Not Found
  </p>
</div>
`;
