// Jest Snapshot v1, https://goo.gl/fbAQLP

exports[`Login component renders without crashing 1`] = `
<div
  className="main-container"
>
  <LoginForm
    onLoginSuccess={[Function]}
  />
</div>
`;
