// Jest Snapshot v1, https://goo.gl/fbAQLP

exports[`New component renders without crashing 1`] = `
<div
  className="main-container"
>
  <h3
    className="large-text"
  >
    New Project
  </h3>
  <ProjectForm
    params={
      Object {
        "edit": "N",
      }
    }
  />
</div>
`;
