// Jest Snapshot v1, https://goo.gl/fbAQLP

exports[`ProjectForm  component renders without crashing 1`] = `
<section
  className="form-container"
>
  <form
    className="create-project-form"
    onSubmit={[Function]}
  >
    <div
      className="input-container"
    >
      <label
        htmlFor="title"
      >
        Project title
      </label>
      <input
        aria-required="true"
        id="title"
        name="title"
        onChange={[Function]}
        placeholder="knit sweater"
        required={true}
        type="text"
        value=""
      />
    </div>
    <div
      className="input-container"
    >
      <label
        htmlFor="summary"
      >
        Summary
      </label>
      <textarea
        id="summary"
        name="summary"
        onChange={[Function]}
        rows="15"
        value=""
      />
    </div>
    <div
      className="input-container"
    >
      <label
        htmlFor="material"
      >
        Materials
      </label>
      <div
        id="columns"
        key="0"
      >
        <input
          aria-labelledby="material"
          name="material"
          onChange={[Function]}
          type="text"
          value=""
        />
        <button
          onClick={[Function]}
          type="button"
        >
           
          -
           
        </button>
      </div>
    </div>
    <div
      className="form-section button-section"
    >
      <button
        onClick={[Function]}
        type="button"
      >
        + Material
      </button>
    </div>
    <div
      className="input-container"
    >
      <label
        htmlFor="step"
      >
        Steps
      </label>
      <div
        id="columns"
        key="0"
      >
        <input
          aria-labelledby="step"
          name="step"
          onChange={[Function]}
          type="text"
          value=""
        />
        <button
          onClick={[Function]}
          type="button"
        >
           
          -
           
        </button>
      </div>
    </div>
    <div
      className="form-section button-section"
    >
      <button
        onClick={[Function]}
        type="button"
      >
        + Step
      </button>
    </div>
    <div
      className="form-section"
      id="button-section"
    >
      <button
        type="submit"
      >
        Submit
      </button>
      <button
        type="button"
      >
        Cancel
      </button>
    </div>
  </form>
</section>
`;
